 AERMET_SETUP
 SUCCESSFUL

 AERMET VERSION  23132

 START PROCESSING DATE/TIME: OCTOBER 17, 2024  19:03:52 PM

 RUNSTREAM CONTROL FILE: ours2.inp


 ****************************  INPUT SUMMARY **************************** 

 PROCESSING STAGES 2



 1.  JOB FILE NAMES

 MESSAGES   OPEN     aermet_st2.msg
 REPORT     OPEN     aermet_st2.rpt
 DEBUG      OPEN     aermet_debug.txt



 2. UPPERAIR DATA

 PROCESSING DATES: 06/10/2023 - 06/10/2024

                    SITE ID     LATITUDE    LONGITUDE     TIME ADJUSTMENT
                   --------     --------    ---------     ---------------
 LOCATION:            47155        35.17       128.57             0

 DATA FILE: NO FILENAME INPUT
 EXTRACT FILE: NO FILENAME INPUT
 QAOUT FILE:     OPEN      upper.oqa

 UPPER AIR DATA ABOVE 5000 NOT EXTRACTED

 UPPER AIR AUTOMATIC DATA CHECKS ARE: OFF



 3. SURFACE DATA

 PROCESSING DATES: 06/10/2023 - 06/10/2024

                    SITE ID     LATITUDE    LONGITUDE     TIME ADJUSTMENT    ELEVATION
                   --------     --------    ---------     ---------------    ---------
 LOCATION:              159        35.10       129.03             0               0.00

 DATA FILE: NO FILENAME INPUT
 ASOS1MIN FILE: NO FILENAME INPUT
 EXTRACT FILE: NO FILENAME INPUT
 QAOUT FILE:     OPEN      surface.oqa



 4. ONSITE DATA

 PROCESSING DATES: 06/10/2023 - 06/10/2024

                    SITE ID     LATITUDE    LONGITUDE     TIME ADJUSTMENT    ELEVATION
                   --------     --------    ---------     ---------------    ---------
 LOCATION:              159        35.10       129.11             0               0.00

 DATA FILE: NO FILENAME INPUT
 QAOUT FILE:     OPEN      onsite.oqa

 NUMBER OF OBSERVATIONS/HOUR:  1



 5. PROG DATA

 NO PROCESSING REQUESTED




 6. METPREP DATA

 PROCESSING DATES: 06/10/2023 - 06/10/2024

                    SITE ID     LATITUDE    LONGITUDE     TIME ADJUSTMENT
                   --------     --------    ---------     ---------------
 LOCATION:              159        35.10       129.11             0

 OUTPUT FILE:    OPEN      aermet.sfc
 PROFILE FILE:   OPEN      aermet.pfl

 METPREP PROCESSING OPTIONS
 PROCESS                     OPTION  DESCRIPTION

 WIND DIRECTION              DEFAULT WIND DIRECTIONS ARE RAMDOMNIZED
 REFLEVEL                    SUBNWS  NWS WINDS AND TEMPS SUBSTITUED FOR MISSING ONSITE DATA
 CLOUD COVER                 SUB_CC  CLOUD COVER SUBSTITUTED
 TEMPERATURE                 NOTSUB  TEMPERATURE NOT SUBSTITUTED
 UPPER AIR SELECTION         SUNRISE SOUNDING SELECTION BASED ON SUNRISE TIME
 SOUNDING TIME WINDOW:-12  12


 ****************************  SFC CHARACTERISTICS SUMMARY **************************** 


 PRIMARY SITE CHARACTERISTICS

YEAR: 2023 FREQUENCY MONTHLY
           NUMBER OF SECTORS:   2

YEAR: 2024 FREQUENCY MONTHLY
           NUMBER OF SECTORS:   2

 YEAR   MONTH        BEGIN SECTOR    END SECTOR     ALBEDO      BOWEN RATIO    ROUGHNESS LENGTH (M)
 2023   JANUARY      260.            180.           0.15         1.00          0.1000
 2023   JANUARY      180.            260.           0.15         1.00          0.3000
 2023   FEBRUARY     260.            180.           0.40         1.30          0.1000
 2023   FEBRUARY     180.            260.           0.40         1.30          0.3000
 2023   MARCH        260.            180.           0.40         0.50          0.1000
 2023   MARCH        180.            260.           0.40         0.50          0.3000
 2023   APRIL        260.            180.           0.15         0.30          0.2000
 2023   APRIL        180.            260.           0.15         0.30          0.5000
 2023   MAY          260.            180.           0.15         0.50          0.2000
 2023   MAY          180.            260.           0.15         0.50          0.5000
 2023   JUNE         260.            180.           0.15         0.40          0.3000
 2023   JUNE         180.            260.           0.15         0.40          0.6000
 2023   JULY         260.            180.           0.15         0.30          0.3000
 2023   JULY         180.            260.           0.15         0.30          0.6000
 2023   AUGUST       260.            180.           0.15         0.40          0.3000
 2023   AUGUST       180.            260.           0.15         0.40          0.6000
 2023   SEPTEMBER    260.            180.           0.15         0.80          0.2000
 2023   SEPTEMBER    180.            260.           0.15         0.80          0.5000
 2023   OCTOBER      260.            180.           0.15         2.00          0.2000
 2023   OCTOBER      180.            260.           0.15         2.00          0.5000
 2023   NOVEMBER     260.            180.           0.15         0.40          0.2000
 2023   NOVEMBER     180.            260.           0.15         0.40          0.5000
 2023   DECEMBER     260.            180.           0.15         1.00          0.1000
 2023   DECEMBER     180.            260.           0.15         1.00          0.3000
 2024   JANUARY      260.            180.           0.15         1.00          0.1000
 2024   JANUARY      180.            260.           0.15         1.00          0.3000
 2024   FEBRUARY     260.            180.           0.40         1.30          0.1000
 2024   FEBRUARY     180.            260.           0.40         1.30          0.3000
 2024   MARCH        260.            180.           0.40         0.50          0.1000
 2024   MARCH        180.            260.           0.40         0.50          0.3000
 2024   APRIL        260.            180.           0.15         0.30          0.2000
 2024   APRIL        180.            260.           0.15         0.30          0.5000
 2024   MAY          260.            180.           0.15         0.50          0.2000
 2024   MAY          180.            260.           0.15         0.50          0.5000
 2024   JUNE         260.            180.           0.15         0.40          0.3000
 2024   JUNE         180.            260.           0.15         0.40          0.6000
 2024   JULY         260.            180.           0.15         0.30          0.3000
 2024   JULY         180.            260.           0.15         0.30          0.6000
 2024   AUGUST       260.            180.           0.15         0.40          0.3000
 2024   AUGUST       180.            260.           0.15         0.40          0.6000
 2024   SEPTEMBER    260.            180.           0.15         0.80          0.2000
 2024   SEPTEMBER    180.            260.           0.15         0.80          0.5000
 2024   OCTOBER      260.            180.           0.15         2.00          0.2000
 2024   OCTOBER      180.            260.           0.15         2.00          0.5000
 2024   NOVEMBER     260.            180.           0.15         0.40          0.2000
 2024   NOVEMBER     180.            260.           0.15         0.40          0.5000
 2024   DECEMBER     260.            180.           0.15         1.00          0.1000
 2024   DECEMBER     180.            260.           0.15         1.00          0.3000


 SECONDARY SITE CHARACTERISTICS

YEAR: 2023 FREQUENCY: MONTHLY
           NUMBER OF SECTORS:   2

YEAR: 2024 FREQUENCY: MONTHLY
           NUMBER OF SECTORS:   2

 YEAR   MONTH        BEGIN SECTOR    END SECTOR     ALBEDO      BOWEN RATIO    ROUGHNESS LENGTH (M)
 2023   JANUARY      260.            180.           0.15         1.00          0.1000
 2023   JANUARY      180.            260.           0.15         1.00          0.3000
 2023   FEBRUARY     260.            180.           0.40         1.30          0.1000
 2023   FEBRUARY     180.            260.           0.40         1.30          0.3000
 2023   MARCH        260.            180.           0.40         0.50          0.1000
 2023   MARCH        180.            260.           0.40         0.50          0.3000
 2023   APRIL        260.            180.           0.15         0.30          0.2000
 2023   APRIL        180.            260.           0.15         0.30          0.5000
 2023   MAY          260.            180.           0.15         0.50          0.2000
 2023   MAY          180.            260.           0.15         0.50          0.5000
 2023   JUNE         260.            180.           0.15         0.40          0.3000
 2023   JUNE         180.            260.           0.15         0.40          0.6000
 2023   JULY         260.            180.           0.15         0.30          0.3000
 2023   JULY         180.            260.           0.15         0.30          0.6000
 2023   AUGUST       260.            180.           0.15         0.40          0.3000
 2023   AUGUST       180.            260.           0.15         0.40          0.6000
 2023   SEPTEMBER    260.            180.           0.15         0.80          0.2000
 2023   SEPTEMBER    180.            260.           0.15         0.80          0.5000
 2023   OCTOBER      260.            180.           0.15         2.00          0.2000
 2023   OCTOBER      180.            260.           0.15         2.00          0.5000
 2023   NOVEMBER     260.            180.           0.15         0.40          0.2000
 2023   NOVEMBER     180.            260.           0.15         0.40          0.5000
 2023   DECEMBER     260.            180.           0.15         1.00          0.1000
 2023   DECEMBER     180.            260.           0.15         1.00          0.3000
 2024   JANUARY      260.            180.           0.15         1.00          0.1000
 2024   JANUARY      180.            260.           0.15         1.00          0.3000
 2024   FEBRUARY     260.            180.           0.40         1.30          0.1000
 2024   FEBRUARY     180.            260.           0.40         1.30          0.3000
 2024   MARCH        260.            180.           0.40         0.50          0.1000
 2024   MARCH        180.            260.           0.40         0.50          0.3000
 2024   APRIL        260.            180.           0.15         0.30          0.2000
 2024   APRIL        180.            260.           0.15         0.30          0.5000
 2024   MAY          260.            180.           0.15         0.50          0.2000
 2024   MAY          180.            260.           0.15         0.50          0.5000
 2024   JUNE         260.            180.           0.15         0.40          0.3000
 2024   JUNE         180.            260.           0.15         0.40          0.6000
 2024   JULY         260.            180.           0.15         0.30          0.3000
 2024   JULY         180.            260.           0.15         0.30          0.6000
 2024   AUGUST       260.            180.           0.15         0.40          0.3000
 2024   AUGUST       180.            260.           0.15         0.40          0.6000
 2024   SEPTEMBER    260.            180.           0.15         0.80          0.2000
 2024   SEPTEMBER    180.            260.           0.15         0.80          0.5000
 2024   OCTOBER      260.            180.           0.15         2.00          0.2000
 2024   OCTOBER      180.            260.           0.15         2.00          0.5000
 2024   NOVEMBER     260.            180.           0.15         0.40          0.2000
 2024   NOVEMBER     180.            260.           0.15         0.40          0.5000
 2024   DECEMBER     260.            180.           0.15         1.00          0.1000
 2024   DECEMBER     180.            260.           0.15         1.00          0.3000


 ****************************  OBSERVATIONS PER DAY SUMMARY **************************** 


 STARTING: 10-JUN-2023
 ENDING: 10-JUN-2024

                   ***** TOTAL OBSERVATION COUNTS *****

 NWS UPPER AIR  OBS   1342
 NWS SURFACE    OBS   8800
 ONSITE         OBS   7939
 1-MIN ASOS HR  OBS      0

                   ***** DAILY OUTPUT STATISTICS *****

        2023 MO/DY:   06/10   06/11   06/12   06/13   06/14   06/15   06/16   06/17   06/18   06/19
  NWS UPPER AIR  OBS    2       2       2       2       2       4       4       4       4       4
  NWS SURFACE    OBS   24      24      24      24      24      24      24      24      24      24
  ONSITE         OBS   24      24      24      22      14      11       0       0       0       0
  1-MIN ASOS HR  OBS    0       0       0       0       0       0       0       0       0       0

        2023 MO/DY:   06/20   06/21   06/22   06/23   06/24   06/25   06/26   06/27   06/28   06/29
  NWS UPPER AIR  OBS    4       4       4       4       4       4       4       4       4       4
  NWS SURFACE    OBS   24      24      24      24      24      24      24      24      24      24
  ONSITE         OBS   12      24      24      24      24      24      24      24      24      24
  1-MIN ASOS HR  OBS    0       0       0       0       0       0       0       0       0       0

        2023 MO/DY:   06/30   07/01   07/02   07/03   07/04   07/05   07/06   07/07   07/08   07/09
  NWS UPPER AIR  OBS    4       4       4       4       4       4       4       4       4       4
  NWS SURFACE    OBS   24      24      24      24      24      24      24      24      24      24
  ONSITE         OBS   24      24      24      23      22      24      24      24      24      24
  1-MIN ASOS HR  OBS    0       0       0       0       0       0       0       0       0       0

        2023 MO/DY:   07/10   07/11   07/12   07/13   07/14   07/15   07/16   07/17   07/18   07/19
  NWS UPPER AIR  OBS    4       4       4       4       4       4       4       4       4       4
  NWS SURFACE    OBS   24      24      24      24      24      24      24      24      24      24
  ONSITE         OBS   23      24      24      24      24      24      24      24      24      24
  1-MIN ASOS HR  OBS    0       0       0       0       0       0       0       0       0       0

        2023 MO/DY:   07/20   07/21   07/22   07/23   07/24   07/25   07/26   07/27   07/28   07/29
  NWS UPPER AIR  OBS    4       4       4       3       1       3       4       4       4       4
  NWS SURFACE    OBS   24      24      24      24      24      24      24      24      24      24
  ONSITE         OBS   24      24      24      23      23      24      22      24      24      24
  1-MIN ASOS HR  OBS    0       0       0       0       0       0       0       0       0       0

        2023 MO/DY:   07/30   07/31   08/01   08/02   08/03   08/04   08/05   08/06   08/07   08/08
  NWS UPPER AIR  OBS    4       4       4       4       4       4       4       4       4       4
  NWS SURFACE    OBS   24      24      24      24      24      24      24      24      24      24
  ONSITE         OBS   24      24      24      24      24      24      24      24      24      24
  1-MIN ASOS HR  OBS    0       0       0       0       0       0       0       0       0       0

        2023 MO/DY:   08/09   08/10   08/11   08/12   08/13   08/14   08/15   08/16   08/17   08/18
  NWS UPPER AIR  OBS    4       4       4       4       4       4       4       4       4       4
  NWS SURFACE    OBS   24      24      24      24      24      24      24      24      24      24
  ONSITE         OBS   24      24      24      24      24      24      24      24      24      24
  1-MIN ASOS HR  OBS    0       0       0       0       0       0       0       0       0       0

        2023 MO/DY:   08/19   08/20   08/21   08/22   08/23   08/24   08/25   08/26   08/27   08/28
  NWS UPPER AIR  OBS    4       4       4       4       4       4       4       4       4       4
  NWS SURFACE    OBS   24      24      24      24      24      24      24      24      24      24
  ONSITE         OBS   24      24      24      24      24      24      24      24      24      24
  1-MIN ASOS HR  OBS    0       0       0       0       0       0       0       0       0       0

        2023 MO/DY:   08/29   08/30   08/31   09/01   09/02   09/03   09/04   09/05   09/06   09/07
  NWS UPPER AIR  OBS    4       4       4       4       4       4       4       4       4       4
  NWS SURFACE    OBS   24      24      24      24      24      24      24      24      24      24
  ONSITE         OBS   24      24      24      23      11      24      24      24      23      23
  1-MIN ASOS HR  OBS    0       0       0       0       0       0       0       0       0       0

        2023 MO/DY:   09/08   09/09   09/10   09/11   09/12   09/13   09/14   09/15   09/16   09/17
  NWS UPPER AIR  OBS    4       4       4       4       4       4       4       4       4       4
  NWS SURFACE    OBS   24      24      24      24      24      24      24      24      24      24
  ONSITE         OBS   24      24      24      24      24      24      24      24      24      24
  1-MIN ASOS HR  OBS    0       0       0       0       0       0       0       0       0       0

        2023 MO/DY:   09/18   09/19   09/20   09/21   09/22   09/23   09/24   09/25   09/26   09/27
  NWS UPPER AIR  OBS    4       4       4       4       4       4       4       4       4       4
  NWS SURFACE    OBS   24      24      24      24      24      24      24      24      24      24
  ONSITE         OBS   24      24      24      24      24      24      24      24      24      18
  1-MIN ASOS HR  OBS    0       0       0       0       0       0       0       0       0       0

        2023 MO/DY:   09/28   09/29   09/30   10/01   10/02   10/03   10/04   10/05   10/06   10/07
  NWS UPPER AIR  OBS    4       4       4       4       4       4       4       4       4       4
  NWS SURFACE    OBS   24      24      24      24      24      24      24      24      24      24
  ONSITE         OBS   24      24      24      24      24      24      24      24      24      24
  1-MIN ASOS HR  OBS    0       0       0       0       0       0       0       0       0       0

        2023 MO/DY:   10/08   10/09   10/10   10/11   10/12   10/13   10/14   10/15   10/16   10/17
  NWS UPPER AIR  OBS    4       4       4       4       4       4       4       4       4       4
  NWS SURFACE    OBS   24      24      24      24      24      24      24      24      24      24
  ONSITE         OBS   24      24      24      24      22      24      24      24      24      24
  1-MIN ASOS HR  OBS    0       0       0       0       0       0       0       0       0       0

        2023 MO/DY:   10/18   10/19   10/20   10/21   10/22   10/23   10/24   10/25   10/26   10/27
  NWS UPPER AIR  OBS    4       4       4       4       4       4       4       4       4       4
  NWS SURFACE    OBS   24      24      24      24      24      24      24      24      24      24
  ONSITE         OBS   24      23      24      24      23      24      24      15       8      24
  1-MIN ASOS HR  OBS    0       0       0       0       0       0       0       0       0       0

        2023 MO/DY:   10/28   10/29   10/30   10/31   11/01   11/02   11/03   11/04   11/05   11/06
  NWS UPPER AIR  OBS    4       4       4       4       4       4       4       5       4       4
  NWS SURFACE    OBS   24      24      24      24      24      24      24      24      24      24
  ONSITE         OBS   24      24      19      24      24      24      24      22      16      24
  1-MIN ASOS HR  OBS    0       0       0       0       0       0       0       0       0       0

        2023 MO/DY:   11/07   11/08   11/09   11/10   11/11   11/12   11/13   11/14   11/15   11/16
  NWS UPPER AIR  OBS    4       4       4       4       4       4       4       4       4       4
  NWS SURFACE    OBS   24      24      24      24      24      24      24      24      24      24
  ONSITE         OBS   24      24      24      24      24      23      24      24      24      24
  1-MIN ASOS HR  OBS    0       0       0       0       0       0       0       0       0       0

        2023 MO/DY:   11/17   11/18   11/19   11/20   11/21   11/22   11/23   11/24   11/25   11/26
  NWS UPPER AIR  OBS    5       4       5       4       4       4       4       5       4       4
  NWS SURFACE    OBS   24      24      24      24      24      24      24      24      24      24
  ONSITE         OBS   23      24      24      24      24      24      23      24      24      24
  1-MIN ASOS HR  OBS    0       0       0       0       0       0       0       0       0       0

        2023 MO/DY:   11/27   11/28   11/29   11/30   12/01   12/02   12/03   12/04   12/05   12/06
  NWS UPPER AIR  OBS    4       4       5       4       4       4       4       4       4       4
  NWS SURFACE    OBS   24      24      24      24      24      24      24      24      24      24
  ONSITE         OBS   24      24      24      24      24      24      24      24      22      24
  1-MIN ASOS HR  OBS    0       0       0       0       0       0       0       0       0       0

        2023 MO/DY:   12/07   12/08   12/09   12/10   12/11   12/12   12/13   12/14   12/15   12/16
  NWS UPPER AIR  OBS    4       4       4       4       4       4       4       4       4       4
  NWS SURFACE    OBS   24      24      24      24      24      24      24      24      24      24
  ONSITE         OBS   24      24      24      24      24      24      24      24      24      24
  1-MIN ASOS HR  OBS    0       0       0       0       0       0       0       0       0       0

        2023 MO/DY:   12/17   12/18   12/19   12/20   12/21   12/22   12/23   12/24   12/25   12/26
  NWS UPPER AIR  OBS    4       4       4       4       4       4       4       4       4       4
  NWS SURFACE    OBS   24      24      24      24      24      24      24      24      24      24
  ONSITE         OBS   24      24      24      24      24      24      24      24      24      24
  1-MIN ASOS HR  OBS    0       0       0       0       0       0       0       0       0       0

     2023-24 MO/DY:   12/27   12/28   12/29   12/30   12/31   01/01   01/02   01/03   01/04   01/05
  NWS UPPER AIR  OBS    5       4       4       4       4       4       4       4       4       4
  NWS SURFACE    OBS   24      24      24      24      24      24      24      24      24      24
  ONSITE         OBS   24      24      24      24      24      24      24      24      24      24
  1-MIN ASOS HR  OBS    0       0       0       0       0       0       0       0       0       0

        2024 MO/DY:   01/06   01/07   01/08   01/09   01/10   01/11   01/12   01/13   01/14   01/15
  NWS UPPER AIR  OBS    4       4       4       4       4       4       4       4       4       4
  NWS SURFACE    OBS   24      24      24      24      24      24      24      24      24      24
  ONSITE         OBS   24      24      24      24      24      24      24      24      24      24
  1-MIN ASOS HR  OBS    0       0       0       0       0       0       0       0       0       0

        2024 MO/DY:   01/16   01/17   01/18   01/19   01/20   01/21   01/22   01/23   01/24   01/25
  NWS UPPER AIR  OBS    4       4       4       4       4       4       4       4       4       4
  NWS SURFACE    OBS   24      24      24      24      24      24      24      24      24      24
  ONSITE         OBS   24      24      24      24      24      24      24      24      24      24
  1-MIN ASOS HR  OBS    0       0       0       0       0       0       0       0       0       0

        2024 MO/DY:   01/26   01/27   01/28   01/29   01/30   01/31   02/01   02/02   02/03   02/04
  NWS UPPER AIR  OBS    4       4       4       4       4       4       4       4       4       4
  NWS SURFACE    OBS   24      24      24      24      24      24      24      24      24      24
  ONSITE         OBS   23      23      24      24      24      23       0       8      23       0
  1-MIN ASOS HR  OBS    0       0       0       0       0       0       0       0       0       0

        2024 MO/DY:   02/05   02/06   02/07   02/08   02/09   02/10   02/11   02/12   02/13   02/14
  NWS UPPER AIR  OBS    4       4       4       4       4       4       4       4       4       4
  NWS SURFACE    OBS   24      24      24      24      24      24      24      24      24      24
  ONSITE         OBS    0       0       7      24      24      24      24      24      24      23
  1-MIN ASOS HR  OBS    0       0       0       0       0       0       0       0       0       0

        2024 MO/DY:   02/15   02/16   02/17   02/18   02/19   02/20   02/21   02/22   02/23   02/24
  NWS UPPER AIR  OBS    4       4       4       4       4       5       4       4       4       4
  NWS SURFACE    OBS   24      24      24      24      24      24      24      24      24      24
  ONSITE         OBS   24      24      23      24      24       9      12       8       0       0
  1-MIN ASOS HR  OBS    0       0       0       0       0       0       0       0       0       0

        2024 MO/DY:   02/25   02/26   02/27   02/28   02/29   03/01   03/02   03/03   03/04   03/05
  NWS UPPER AIR  OBS    4       4       4       4       4       4       4       4       5       4
  NWS SURFACE    OBS   24      24      24      24      24      24      24      24      24      24
  ONSITE         OBS    0       0       0       0       0       0       0       0       0       0
  1-MIN ASOS HR  OBS    0       0       0       0       0       0       0       0       0       0

        2024 MO/DY:   03/06   03/07   03/08   03/09   03/10   03/11   03/12   03/13   03/14   03/15
  NWS UPPER AIR  OBS    4       4       4       4       4       4       4       4       4       3
  NWS SURFACE    OBS   24      24      24      24      24      24      24      24      24      24
  ONSITE         OBS    0       0       0       0       0       0       9      24      24      24
  1-MIN ASOS HR  OBS    0       0       0       0       0       0       0       0       0       0

        2024 MO/DY:   03/16   03/17   03/18   03/19   03/20   03/21   03/22   03/23   03/24   03/25
  NWS UPPER AIR  OBS    2       2       2       2       2       2       2       2       2       2
  NWS SURFACE    OBS   24      24      24      24      24      24      24      24      24      24
  ONSITE         OBS   24      24      24      24      24      24      24      24      24      24
  1-MIN ASOS HR  OBS    0       0       0       0       0       0       0       0       0       0

        2024 MO/DY:   03/26   03/27   03/28   03/29   03/30   03/31   04/01   04/02   04/03   04/04
  NWS UPPER AIR  OBS    2       2       2       2       2       2       2       2       2       2
  NWS SURFACE    OBS   24      24      24      24      24      24      24      24      24      24
  ONSITE         OBS   24      24      24      24      24      24      24      22      24      24
  1-MIN ASOS HR  OBS    0       0       0       0       0       0       0       0       0       0

        2024 MO/DY:   04/05   04/06   04/07   04/08   04/09   04/10   04/11   04/12   04/13   04/14
  NWS UPPER AIR  OBS    2       2       2       2       2       2       2       2       2       2
  NWS SURFACE    OBS   24      24      24      24      24      24      24      24      24      24
  ONSITE         OBS   24      23      23      24      23      24      23      24      24      24
  1-MIN ASOS HR  OBS    0       0       0       0       0       0       0       0       0       0

        2024 MO/DY:   04/15   04/16   04/17   04/18   04/19   04/20   04/21   04/22   04/23   04/24
  NWS UPPER AIR  OBS    2       2       2       2       2       2       2       2       2       2
  NWS SURFACE    OBS   24      24      24      24      24      24      24      24      24      24
  ONSITE         OBS   24      24      24      24      23      24      24      24      24      17
  1-MIN ASOS HR  OBS    0       0       0       0       0       0       0       0       0       0

        2024 MO/DY:   04/25   04/26   04/27   04/28   04/29   04/30   05/01   05/02   05/03   05/04
  NWS UPPER AIR  OBS    2       2       2       2       2       2       2       2       4       2
  NWS SURFACE    OBS   24      24      24      24      24      24      24      24      24      24
  ONSITE         OBS   24      23      23      24      18      24      24      24      23      24
  1-MIN ASOS HR  OBS    0       0       0       0       0       0       0       0       0       0

        2024 MO/DY:   05/05   05/06   05/07   05/08   05/09   05/10   05/11   05/12   05/13   05/14
  NWS UPPER AIR  OBS    2       2       2       2       2       2       2       2       2       2
  NWS SURFACE    OBS   24      24      24      24      24      24      24      24      24      24
  ONSITE         OBS   24      24      24      24      24      24      24      24      24      24
  1-MIN ASOS HR  OBS    0       0       0       0       0       0       0       0       0       0

        2024 MO/DY:   05/15   05/16   05/17   05/18   05/19   05/20   05/21   05/22   05/23   05/24
  NWS UPPER AIR  OBS    4       4       4       4       4       4       4       4       4       4
  NWS SURFACE    OBS   24      24      24      24      24      24      24      24      24      24
  ONSITE         OBS   24      24      24      24      24      24      24      24      24      24
  1-MIN ASOS HR  OBS    0       0       0       0       0       0       0       0       0       0

        2024 MO/DY:   05/25   05/26   05/27   05/28   05/29   05/30   05/31   06/01   06/02   06/03
  NWS UPPER AIR  OBS    4       4       4       4       4       4       4       4       5       4
  NWS SURFACE    OBS   24      24      24      24      24      24      24      24      24      24
  ONSITE         OBS   24      24      24      24      24      24      24      24      24      24
  1-MIN ASOS HR  OBS    0       0       0       0       0       0       0       0       0       0

        2024 MO/DY:   06/04   06/05   06/06   06/07   06/08   06/09   06/10
  NWS UPPER AIR  OBS    4       4       4       4       4       4       3
  NWS SURFACE    OBS   24      24      24      24      24      24      16
  ONSITE         OBS   24      23      24      24      24      24      16
  1-MIN ASOS HR  OBS    0       0       0       0       0       0       0


 ****************************  PBL PROCESSING SUMMARY **************************** 

 NUMBER OF DAYS WITH NO CONVECTIVE CONDITIONS:      0

 NUMBER OF TOTAL CALMS:    143
 NUMBER OF VARIABLE WINDS:      0



 NUMBER OF SUBSTITUTIONS (INTERPOLATION) FOR MISSING CLOUD COVER:      0

 NUMBER OF BAD SURFACE RECORDS IN SURFACE FILE:        0

 NUMBER OF BAD PROFILE RECORDS IN SURFACE FILE:        0


 ****************************  MESSAGE SUMMARY **************************** 



 ERROR MESSAGES        0 MESSAGES



 WARNING MESSAGES      370 MESSAGES

 W54:        1
 W76:      367
 W88:        2


 INFORMATION MESSAGES     1563 MESSAGES

 I01:        1
 I20:        2
 I23:        1
 I24:        1
 I25:        1
 I26:        1
 I40:        2
 I46:        1
 I47:        1
 I60:        2
 I63:        1
 I64:        1
 I66:        1
 I70:        1
 I72:      143
 I77:      367
 I79:      152
 I84:        1
 I90:      881
 I91:        2


 QA MESSAGES        0 MESSAGES



 AERMET FINISHED SUCCESSFULLY

 END PROCESSING DATE/TIME: OCTOBER 17, 2024  19:03:56 PM
